[0.117s] DEBUG:colcon:Command line arguments: ['/usr/bin/colcon', 'build']
[0.117s] DEBUG:colcon:Parsed command line arguments: Namespace(log_base=None, log_level=None, verb_name='build', build_base='build', install_base='install', merge_install=False, symlink_install=False, test_result_base=None, continue_on_error=False, executor='parallel', parallel_workers=8, event_handlers=None, ignore_user_meta=False, metas=['./colcon.meta'], base_paths=['.'], packages_ignore=None, packages_ignore_regex=None, paths=None, packages_up_to=None, packages_up_to_regex=None, packages_above=None, packages_above_and_dependencies=None, packages_above_depth=None, packages_select_by_dep=None, packages_skip_by_dep=None, packages_skip_up_to=None, packages_select_build_failed=False, packages_skip_build_finished=False, packages_select_test_failures=False, packages_skip_test_passed=False, packages_select=None, packages_skip=None, packages_select_regex=None, packages_skip_regex=None, packages_start=None, packages_end=None, allow_overriding=[], cmake_args=None, cmake_target=None, cmake_target_skip_unavailable=False, cmake_clean_cache=False, cmake_clean_first=False, cmake_force_configure=False, ament_cmake_args=None, catkin_cmake_args=None, catkin_skip_building_tests=False, mixin_files=None, mixin=None, verb_parser=<colcon_mixin.mixin.mixin_argument.MixinArgumentDecorator object at 0x7036d5563f10>, verb_extension=<colcon_core.verb.build.BuildVerb object at 0x7036d5563910>, main=<bound method BuildVerb.main of <colcon_core.verb.build.BuildVerb object at 0x7036d5563910>>, mixin_verb=('build',))
[0.246s] Level 1:colcon.colcon_core.package_discovery:discover_packages(colcon_meta) check parameters
[0.247s] Level 1:colcon.colcon_core.package_discovery:discover_packages(recursive) check parameters
[0.247s] Level 1:colcon.colcon_core.package_discovery:discover_packages(ignore) check parameters
[0.247s] Level 1:colcon.colcon_core.package_discovery:discover_packages(path) check parameters
[0.247s] Level 1:colcon.colcon_core.package_discovery:discover_packages(colcon_meta) discover
[0.247s] Level 1:colcon.colcon_core.package_discovery:discover_packages(recursive) discover
[0.247s] INFO:colcon.colcon_core.package_discovery:Crawling recursively for packages in '/home/yassa/NUBI3'
[0.247s] Level 1:colcon.colcon_core.package_identification:_identify(.) by extensions ['ignore', 'ignore_ament_install']
[0.247s] Level 1:colcon.colcon_core.package_identification:_identify(.) by extension 'ignore'
[0.247s] Level 1:colcon.colcon_core.package_identification:_identify(.) by extension 'ignore_ament_install'
[0.247s] Level 1:colcon.colcon_core.package_identification:_identify(.) by extensions ['colcon_pkg']
[0.247s] Level 1:colcon.colcon_core.package_identification:_identify(.) by extension 'colcon_pkg'
[0.247s] Level 1:colcon.colcon_core.package_identification:_identify(.) by extensions ['colcon_meta']
[0.247s] Level 1:colcon.colcon_core.package_identification:_identify(.) by extension 'colcon_meta'
[0.247s] Level 1:colcon.colcon_core.package_identification:_identify(.) by extensions ['ros']
[0.247s] Level 1:colcon.colcon_core.package_identification:_identify(.) by extension 'ros'
[0.255s] Level 1:colcon.colcon_core.package_identification:_identify(.) by extensions ['cmake', 'python']
[0.256s] Level 1:colcon.colcon_core.package_identification:_identify(.) by extension 'cmake'
[0.256s] Level 1:colcon.colcon_core.package_identification:_identify(.) by extension 'python'
[0.256s] Level 1:colcon.colcon_core.package_identification:_identify(.) by extensions ['python_setup_py']
[0.256s] Level 1:colcon.colcon_core.package_identification:_identify(.) by extension 'python_setup_py'
[0.256s] Level 1:colcon.colcon_core.package_identification:_identify(build) by extensions ['ignore', 'ignore_ament_install']
[0.256s] Level 1:colcon.colcon_core.package_identification:_identify(build) by extension 'ignore'
[0.256s] Level 1:colcon.colcon_core.package_identification:_identify(build) ignored
[0.256s] Level 1:colcon.colcon_core.package_identification:_identify(install) by extensions ['ignore', 'ignore_ament_install']
[0.256s] Level 1:colcon.colcon_core.package_identification:_identify(install) by extension 'ignore'
[0.256s] Level 1:colcon.colcon_core.package_identification:_identify(install) ignored
[0.256s] Level 1:colcon.colcon_core.package_identification:_identify(log) by extensions ['ignore', 'ignore_ament_install']
[0.256s] Level 1:colcon.colcon_core.package_identification:_identify(log) by extension 'ignore'
[0.256s] Level 1:colcon.colcon_core.package_identification:_identify(log) ignored
[0.256s] Level 1:colcon.colcon_core.package_identification:_identify(src) by extensions ['ignore', 'ignore_ament_install']
[0.256s] Level 1:colcon.colcon_core.package_identification:_identify(src) by extension 'ignore'
[0.256s] Level 1:colcon.colcon_core.package_identification:_identify(src) by extension 'ignore_ament_install'
[0.256s] Level 1:colcon.colcon_core.package_identification:_identify(src) by extensions ['colcon_pkg']
[0.256s] Level 1:colcon.colcon_core.package_identification:_identify(src) by extension 'colcon_pkg'
[0.256s] Level 1:colcon.colcon_core.package_identification:_identify(src) by extensions ['colcon_meta']
[0.256s] Level 1:colcon.colcon_core.package_identification:_identify(src) by extension 'colcon_meta'
[0.256s] Level 1:colcon.colcon_core.package_identification:_identify(src) by extensions ['ros']
[0.256s] Level 1:colcon.colcon_core.package_identification:_identify(src) by extension 'ros'
[0.256s] Level 1:colcon.colcon_core.package_identification:_identify(src) by extensions ['cmake', 'python']
[0.256s] Level 1:colcon.colcon_core.package_identification:_identify(src) by extension 'cmake'
[0.257s] Level 1:colcon.colcon_core.package_identification:_identify(src) by extension 'python'
[0.257s] Level 1:colcon.colcon_core.package_identification:_identify(src) by extensions ['python_setup_py']
[0.257s] Level 1:colcon.colcon_core.package_identification:_identify(src) by extension 'python_setup_py'
[0.257s] Level 1:colcon.colcon_core.package_identification:_identify(src/moveit_robot_arm_sim) by extensions ['ignore', 'ignore_ament_install']
[0.257s] Level 1:colcon.colcon_core.package_identification:_identify(src/moveit_robot_arm_sim) by extension 'ignore'
[0.257s] Level 1:colcon.colcon_core.package_identification:_identify(src/moveit_robot_arm_sim) by extension 'ignore_ament_install'
[0.257s] Level 1:colcon.colcon_core.package_identification:_identify(src/moveit_robot_arm_sim) by extensions ['colcon_pkg']
[0.257s] Level 1:colcon.colcon_core.package_identification:_identify(src/moveit_robot_arm_sim) by extension 'colcon_pkg'
[0.257s] Level 1:colcon.colcon_core.package_identification:_identify(src/moveit_robot_arm_sim) by extensions ['colcon_meta']
[0.257s] Level 1:colcon.colcon_core.package_identification:_identify(src/moveit_robot_arm_sim) by extension 'colcon_meta'
[0.257s] Level 1:colcon.colcon_core.package_identification:_identify(src/moveit_robot_arm_sim) by extensions ['ros']
[0.257s] Level 1:colcon.colcon_core.package_identification:_identify(src/moveit_robot_arm_sim) by extension 'ros'
[0.261s] DEBUG:colcon.colcon_core.package_identification:Package 'src/moveit_robot_arm_sim' with type 'ros.ament_cmake' and name 'moveit_robot_arm_sim'
[0.261s] Level 1:colcon.colcon_core.package_identification:_identify(src/view_robot_pkg) by extensions ['ignore', 'ignore_ament_install']
[0.261s] Level 1:colcon.colcon_core.package_identification:_identify(src/view_robot_pkg) by extension 'ignore'
[0.261s] Level 1:colcon.colcon_core.package_identification:_identify(src/view_robot_pkg) by extension 'ignore_ament_install'
[0.261s] Level 1:colcon.colcon_core.package_identification:_identify(src/view_robot_pkg) by extensions ['colcon_pkg']
[0.261s] Level 1:colcon.colcon_core.package_identification:_identify(src/view_robot_pkg) by extension 'colcon_pkg'
[0.261s] Level 1:colcon.colcon_core.package_identification:_identify(src/view_robot_pkg) by extensions ['colcon_meta']
[0.261s] Level 1:colcon.colcon_core.package_identification:_identify(src/view_robot_pkg) by extension 'colcon_meta'
[0.261s] Level 1:colcon.colcon_core.package_identification:_identify(src/view_robot_pkg) by extensions ['ros']
[0.261s] Level 1:colcon.colcon_core.package_identification:_identify(src/view_robot_pkg) by extension 'ros'
[0.261s] DEBUG:colcon.colcon_core.package_identification:Package 'src/view_robot_pkg' with type 'ros.ament_python' and name 'view_robot_pkg'
[0.262s] Level 1:colcon.colcon_core.package_discovery:discover_packages(recursive) using defaults
[0.262s] Level 1:colcon.colcon_core.package_discovery:discover_packages(ignore) discover
[0.262s] Level 1:colcon.colcon_core.package_discovery:discover_packages(ignore) using defaults
[0.262s] Level 1:colcon.colcon_core.package_discovery:discover_packages(path) discover
[0.262s] Level 1:colcon.colcon_core.package_discovery:discover_packages(path) using defaults
[0.283s] Level 1:colcon.colcon_core.package_discovery:discover_packages(prefix_path) check parameters
[0.283s] Level 1:colcon.colcon_core.package_discovery:discover_packages(prefix_path) discover
[0.286s] DEBUG:colcon.colcon_installed_package_information.package_discovery:Found 57 installed packages in /home/yassa/ws_moveit/install
[0.288s] DEBUG:colcon.colcon_installed_package_information.package_discovery:Found 331 installed packages in /opt/ros/humble
[0.289s] Level 1:colcon.colcon_core.package_discovery:discover_packages(prefix_path) using defaults
[0.321s] Level 5:colcon.colcon_core.verb:set package 'view_robot_pkg' build argument 'cmake_args' from command line to 'None'
[0.321s] Level 5:colcon.colcon_core.verb:set package 'view_robot_pkg' build argument 'cmake_target' from command line to 'None'
[0.321s] Level 5:colcon.colcon_core.verb:set package 'view_robot_pkg' build argument 'cmake_target_skip_unavailable' from command line to 'False'
[0.321s] Level 5:colcon.colcon_core.verb:set package 'view_robot_pkg' build argument 'cmake_clean_cache' from command line to 'False'
[0.321s] Level 5:colcon.colcon_core.verb:set package 'view_robot_pkg' build argument 'cmake_clean_first' from command line to 'False'
[0.321s] Level 5:colcon.colcon_core.verb:set package 'view_robot_pkg' build argument 'cmake_force_configure' from command line to 'False'
[0.321s] Level 5:colcon.colcon_core.verb:set package 'view_robot_pkg' build argument 'ament_cmake_args' from command line to 'None'
[0.321s] Level 5:colcon.colcon_core.verb:set package 'view_robot_pkg' build argument 'catkin_cmake_args' from command line to 'None'
[0.321s] Level 5:colcon.colcon_core.verb:set package 'view_robot_pkg' build argument 'catkin_skip_building_tests' from command line to 'False'
[0.321s] DEBUG:colcon.colcon_core.verb:Building package 'view_robot_pkg' with the following arguments: {'ament_cmake_args': None, 'build_base': '/home/yassa/NUBI3/build/view_robot_pkg', 'catkin_cmake_args': None, 'catkin_skip_building_tests': False, 'cmake_args': None, 'cmake_clean_cache': False, 'cmake_clean_first': False, 'cmake_force_configure': False, 'cmake_target': None, 'cmake_target_skip_unavailable': False, 'install_base': '/home/yassa/NUBI3/install/view_robot_pkg', 'merge_install': False, 'path': '/home/yassa/NUBI3/src/view_robot_pkg', 'symlink_install': False, 'test_result_base': None}
[0.321s] Level 5:colcon.colcon_core.verb:set package 'moveit_robot_arm_sim' build argument 'cmake_args' from command line to 'None'
[0.321s] Level 5:colcon.colcon_core.verb:set package 'moveit_robot_arm_sim' build argument 'cmake_target' from command line to 'None'
[0.321s] Level 5:colcon.colcon_core.verb:set package 'moveit_robot_arm_sim' build argument 'cmake_target_skip_unavailable' from command line to 'False'
[0.321s] Level 5:colcon.colcon_core.verb:set package 'moveit_robot_arm_sim' build argument 'cmake_clean_cache' from command line to 'False'
[0.321s] Level 5:colcon.colcon_core.verb:set package 'moveit_robot_arm_sim' build argument 'cmake_clean_first' from command line to 'False'
[0.321s] Level 5:colcon.colcon_core.verb:set package 'moveit_robot_arm_sim' build argument 'cmake_force_configure' from command line to 'False'
[0.321s] Level 5:colcon.colcon_core.verb:set package 'moveit_robot_arm_sim' build argument 'ament_cmake_args' from command line to 'None'
[0.321s] Level 5:colcon.colcon_core.verb:set package 'moveit_robot_arm_sim' build argument 'catkin_cmake_args' from command line to 'None'
[0.321s] Level 5:colcon.colcon_core.verb:set package 'moveit_robot_arm_sim' build argument 'catkin_skip_building_tests' from command line to 'False'
[0.321s] DEBUG:colcon.colcon_core.verb:Building package 'moveit_robot_arm_sim' with the following arguments: {'ament_cmake_args': None, 'build_base': '/home/yassa/NUBI3/build/moveit_robot_arm_sim', 'catkin_cmake_args': None, 'catkin_skip_building_tests': False, 'cmake_args': None, 'cmake_clean_cache': False, 'cmake_clean_first': False, 'cmake_force_configure': False, 'cmake_target': None, 'cmake_target_skip_unavailable': False, 'install_base': '/home/yassa/NUBI3/install/moveit_robot_arm_sim', 'merge_install': False, 'path': '/home/yassa/NUBI3/src/moveit_robot_arm_sim', 'symlink_install': False, 'test_result_base': None}
[0.322s] INFO:colcon.colcon_core.executor:Executing jobs using 'parallel' executor
[0.323s] DEBUG:colcon.colcon_parallel_executor.executor.parallel:run_until_complete
[0.323s] INFO:colcon.colcon_ros.task.ament_python.build:Building ROS package in '/home/yassa/NUBI3/src/view_robot_pkg' with build type 'ament_python'
[0.323s] Level 1:colcon.colcon_core.shell:create_environment_hook('view_robot_pkg', 'ament_prefix_path')
[0.324s] INFO:colcon.colcon_core.plugin_system:Skipping extension 'colcon_core.shell.bat': Not used on non-Windows systems
[0.324s] INFO:colcon.colcon_core.shell:Creating environment hook '/home/yassa/NUBI3/install/view_robot_pkg/share/view_robot_pkg/hook/ament_prefix_path.ps1'
[0.325s] INFO:colcon.colcon_core.shell:Creating environment descriptor '/home/yassa/NUBI3/install/view_robot_pkg/share/view_robot_pkg/hook/ament_prefix_path.dsv'
[0.325s] INFO:colcon.colcon_core.shell:Creating environment hook '/home/yassa/NUBI3/install/view_robot_pkg/share/view_robot_pkg/hook/ament_prefix_path.sh'
[0.326s] INFO:colcon.colcon_core.shell:Skip shell extension 'powershell' for command environment: Not usable outside of PowerShell
[0.326s] DEBUG:colcon.colcon_core.shell:Skip shell extension 'dsv' for command environment
[0.527s] INFO:colcon.colcon_core.task.python.build:Building Python package in '/home/yassa/NUBI3/src/view_robot_pkg'
[0.527s] INFO:colcon.colcon_core.shell:Skip shell extension 'powershell' for command environment: Not usable outside of PowerShell
[0.527s] DEBUG:colcon.colcon_core.shell:Skip shell extension 'dsv' for command environment
[0.810s] DEBUG:colcon.colcon_core.event_handler.log_command:Invoking command in '/home/yassa/NUBI3/src/view_robot_pkg': PYTHONPATH=/home/yassa/NUBI3/build/view_robot_pkg/prefix_override:/usr/lib/python3/dist-packages/colcon_core/task/python/colcon_distutils_commands:/home/yassa/NUBI3/install/view_robot_pkg/lib/python3.10/site-packages:${PYTHONPATH} /usr/bin/python3 -W ignore:setup.py install is deprecated -W ignore:easy_install command is deprecated setup.py egg_info --egg-base ../../build/view_robot_pkg build --build-base /home/yassa/NUBI3/build/view_robot_pkg/build install --record /home/yassa/NUBI3/build/view_robot_pkg/install.log --single-version-externally-managed install_data
[1.039s] DEBUG:colcon.colcon_core.event_handler.log_command:Invoked command in '/home/yassa/NUBI3/src/view_robot_pkg' returned '0': PYTHONPATH=/home/yassa/NUBI3/build/view_robot_pkg/prefix_override:/usr/lib/python3/dist-packages/colcon_core/task/python/colcon_distutils_commands:/home/yassa/NUBI3/install/view_robot_pkg/lib/python3.10/site-packages:${PYTHONPATH} /usr/bin/python3 -W ignore:setup.py install is deprecated -W ignore:easy_install command is deprecated setup.py egg_info --egg-base ../../build/view_robot_pkg build --build-base /home/yassa/NUBI3/build/view_robot_pkg/build install --record /home/yassa/NUBI3/build/view_robot_pkg/install.log --single-version-externally-managed install_data
[1.040s] Level 1:colcon.colcon_core.environment:checking '/home/yassa/NUBI3/install/view_robot_pkg' for CMake module files
[1.040s] Level 1:colcon.colcon_core.environment:checking '/home/yassa/NUBI3/install/view_robot_pkg' for CMake config files
[1.041s] Level 1:colcon.colcon_core.environment:checking '/home/yassa/NUBI3/install/view_robot_pkg/lib'
[1.041s] Level 1:colcon.colcon_core.environment:checking '/home/yassa/NUBI3/install/view_robot_pkg/bin'
[1.041s] Level 1:colcon.colcon_core.environment:checking '/home/yassa/NUBI3/install/view_robot_pkg/lib/pkgconfig/view_robot_pkg.pc'
[1.041s] Level 1:colcon.colcon_core.environment:checking '/home/yassa/NUBI3/install/view_robot_pkg/lib/python3.10/site-packages'
[1.041s] Level 1:colcon.colcon_core.shell:create_environment_hook('view_robot_pkg', 'pythonpath')
[1.041s] INFO:colcon.colcon_core.shell:Creating environment hook '/home/yassa/NUBI3/install/view_robot_pkg/share/view_robot_pkg/hook/pythonpath.ps1'
[1.042s] INFO:colcon.colcon_core.shell:Creating environment descriptor '/home/yassa/NUBI3/install/view_robot_pkg/share/view_robot_pkg/hook/pythonpath.dsv'
[1.042s] INFO:colcon.colcon_core.shell:Creating environment hook '/home/yassa/NUBI3/install/view_robot_pkg/share/view_robot_pkg/hook/pythonpath.sh'
[1.042s] Level 1:colcon.colcon_core.environment:checking '/home/yassa/NUBI3/install/view_robot_pkg/bin'
[1.042s] Level 1:colcon.colcon_core.environment:create_environment_scripts_only(view_robot_pkg)
[1.042s] INFO:colcon.colcon_core.shell:Creating package script '/home/yassa/NUBI3/install/view_robot_pkg/share/view_robot_pkg/package.ps1'
[1.043s] INFO:colcon.colcon_core.shell:Creating package descriptor '/home/yassa/NUBI3/install/view_robot_pkg/share/view_robot_pkg/package.dsv'
[1.043s] INFO:colcon.colcon_core.shell:Creating package script '/home/yassa/NUBI3/install/view_robot_pkg/share/view_robot_pkg/package.sh'
[1.044s] INFO:colcon.colcon_core.shell:Creating package script '/home/yassa/NUBI3/install/view_robot_pkg/share/view_robot_pkg/package.bash'
[1.044s] INFO:colcon.colcon_core.shell:Creating package script '/home/yassa/NUBI3/install/view_robot_pkg/share/view_robot_pkg/package.zsh'
[1.045s] Level 1:colcon.colcon_core.environment:create_file_with_runtime_dependencies(/home/yassa/NUBI3/install/view_robot_pkg/share/colcon-core/packages/view_robot_pkg)
[1.045s] INFO:colcon.colcon_ros.task.ament_cmake.build:Building ROS package in '/home/yassa/NUBI3/src/moveit_robot_arm_sim' with build type 'ament_cmake'
[1.045s] INFO:colcon.colcon_cmake.task.cmake.build:Building CMake package in '/home/yassa/NUBI3/src/moveit_robot_arm_sim'
[1.045s] INFO:colcon.colcon_core.shell:Skip shell extension 'powershell' for command environment: Not usable outside of PowerShell
[1.045s] DEBUG:colcon.colcon_core.shell:Skip shell extension 'dsv' for command environment
[1.058s] DEBUG:colcon.colcon_core.event_handler.log_command:Invoking command in '/home/yassa/NUBI3/build/moveit_robot_arm_sim': AMENT_PREFIX_PATH=/home/yassa/NUBI3/install/view_robot_pkg:${AMENT_PREFIX_PATH} CMAKE_PREFIX_PATH=${CMAKE_PREFIX_PATH}:/home/yassa/ws_moveit/install/moveit_configs_utils:/home/yassa/ws_moveit/install/launch_param_builder:/opt/ros/humble PYTHONPATH=/home/yassa/NUBI3/install/view_robot_pkg/lib/python3.10/site-packages:${PYTHONPATH} /usr/bin/cmake --build /home/yassa/NUBI3/build/moveit_robot_arm_sim -- -j8 -l8
[1.098s] DEBUG:colcon.colcon_core.event_handler.log_command:Invoked command in '/home/yassa/NUBI3/build/moveit_robot_arm_sim' returned '0': AMENT_PREFIX_PATH=/home/yassa/NUBI3/install/view_robot_pkg:${AMENT_PREFIX_PATH} CMAKE_PREFIX_PATH=${CMAKE_PREFIX_PATH}:/home/yassa/ws_moveit/install/moveit_configs_utils:/home/yassa/ws_moveit/install/launch_param_builder:/opt/ros/humble PYTHONPATH=/home/yassa/NUBI3/install/view_robot_pkg/lib/python3.10/site-packages:${PYTHONPATH} /usr/bin/cmake --build /home/yassa/NUBI3/build/moveit_robot_arm_sim -- -j8 -l8
[1.107s] DEBUG:colcon.colcon_core.event_handler.log_command:Invoking command in '/home/yassa/NUBI3/build/moveit_robot_arm_sim': AMENT_PREFIX_PATH=/home/yassa/NUBI3/install/view_robot_pkg:${AMENT_PREFIX_PATH} CMAKE_PREFIX_PATH=${CMAKE_PREFIX_PATH}:/home/yassa/ws_moveit/install/moveit_configs_utils:/home/yassa/ws_moveit/install/launch_param_builder:/opt/ros/humble PYTHONPATH=/home/yassa/NUBI3/install/view_robot_pkg/lib/python3.10/site-packages:${PYTHONPATH} /usr/bin/cmake --install /home/yassa/NUBI3/build/moveit_robot_arm_sim
[1.117s] Level 1:colcon.colcon_core.environment:create_environment_scripts_only(moveit_robot_arm_sim)
[1.118s] Level 1:colcon.colcon_core.environment:checking '/home/yassa/NUBI3/install/moveit_robot_arm_sim' for CMake module files
[1.118s] DEBUG:colcon.colcon_core.event_handler.log_command:Invoked command in '/home/yassa/NUBI3/build/moveit_robot_arm_sim' returned '0': AMENT_PREFIX_PATH=/home/yassa/NUBI3/install/view_robot_pkg:${AMENT_PREFIX_PATH} CMAKE_PREFIX_PATH=${CMAKE_PREFIX_PATH}:/home/yassa/ws_moveit/install/moveit_configs_utils:/home/yassa/ws_moveit/install/launch_param_builder:/opt/ros/humble PYTHONPATH=/home/yassa/NUBI3/install/view_robot_pkg/lib/python3.10/site-packages:${PYTHONPATH} /usr/bin/cmake --install /home/yassa/NUBI3/build/moveit_robot_arm_sim
[1.118s] Level 1:colcon.colcon_core.environment:checking '/home/yassa/NUBI3/install/moveit_robot_arm_sim' for CMake config files
[1.119s] Level 1:colcon.colcon_core.shell:create_environment_hook('moveit_robot_arm_sim', 'cmake_prefix_path')
[1.119s] INFO:colcon.colcon_core.shell:Creating environment hook '/home/yassa/NUBI3/install/moveit_robot_arm_sim/share/moveit_robot_arm_sim/hook/cmake_prefix_path.ps1'
[1.119s] INFO:colcon.colcon_core.shell:Creating environment descriptor '/home/yassa/NUBI3/install/moveit_robot_arm_sim/share/moveit_robot_arm_sim/hook/cmake_prefix_path.dsv'
[1.120s] INFO:colcon.colcon_core.shell:Creating environment hook '/home/yassa/NUBI3/install/moveit_robot_arm_sim/share/moveit_robot_arm_sim/hook/cmake_prefix_path.sh'
[1.120s] Level 1:colcon.colcon_core.environment:checking '/home/yassa/NUBI3/install/moveit_robot_arm_sim/lib'
[1.120s] Level 1:colcon.colcon_core.environment:checking '/home/yassa/NUBI3/install/moveit_robot_arm_sim/bin'
[1.120s] Level 1:colcon.colcon_core.environment:checking '/home/yassa/NUBI3/install/moveit_robot_arm_sim/lib/pkgconfig/moveit_robot_arm_sim.pc'
[1.120s] Level 1:colcon.colcon_core.environment:checking '/home/yassa/NUBI3/install/moveit_robot_arm_sim/lib/python3.10/site-packages'
[1.120s] Level 1:colcon.colcon_core.environment:checking '/home/yassa/NUBI3/install/moveit_robot_arm_sim/bin'
[1.121s] INFO:colcon.colcon_core.shell:Creating package script '/home/yassa/NUBI3/install/moveit_robot_arm_sim/share/moveit_robot_arm_sim/package.ps1'
[1.121s] INFO:colcon.colcon_core.shell:Creating package descriptor '/home/yassa/NUBI3/install/moveit_robot_arm_sim/share/moveit_robot_arm_sim/package.dsv'
[1.121s] INFO:colcon.colcon_core.shell:Creating package script '/home/yassa/NUBI3/install/moveit_robot_arm_sim/share/moveit_robot_arm_sim/package.sh'
[1.122s] INFO:colcon.colcon_core.shell:Creating package script '/home/yassa/NUBI3/install/moveit_robot_arm_sim/share/moveit_robot_arm_sim/package.bash'
[1.122s] INFO:colcon.colcon_core.shell:Creating package script '/home/yassa/NUBI3/install/moveit_robot_arm_sim/share/moveit_robot_arm_sim/package.zsh'
[1.122s] Level 1:colcon.colcon_core.environment:create_file_with_runtime_dependencies(/home/yassa/NUBI3/install/moveit_robot_arm_sim/share/colcon-core/packages/moveit_robot_arm_sim)
[1.123s] Level 1:colcon.colcon_core.environment:create_environment_scripts_only(moveit_robot_arm_sim)
[1.123s] Level 1:colcon.colcon_core.environment:checking '/home/yassa/NUBI3/install/moveit_robot_arm_sim' for CMake module files
[1.123s] Level 1:colcon.colcon_core.environment:checking '/home/yassa/NUBI3/install/moveit_robot_arm_sim' for CMake config files
[1.123s] Level 1:colcon.colcon_core.shell:create_environment_hook('moveit_robot_arm_sim', 'cmake_prefix_path')
[1.123s] INFO:colcon.colcon_core.shell:Creating environment hook '/home/yassa/NUBI3/install/moveit_robot_arm_sim/share/moveit_robot_arm_sim/hook/cmake_prefix_path.ps1'
[1.124s] INFO:colcon.colcon_core.shell:Creating environment descriptor '/home/yassa/NUBI3/install/moveit_robot_arm_sim/share/moveit_robot_arm_sim/hook/cmake_prefix_path.dsv'
[1.124s] INFO:colcon.colcon_core.shell:Creating environment hook '/home/yassa/NUBI3/install/moveit_robot_arm_sim/share/moveit_robot_arm_sim/hook/cmake_prefix_path.sh'
[1.124s] Level 1:colcon.colcon_core.environment:checking '/home/yassa/NUBI3/install/moveit_robot_arm_sim/lib'
[1.125s] Level 1:colcon.colcon_core.environment:checking '/home/yassa/NUBI3/install/moveit_robot_arm_sim/bin'
[1.125s] Level 1:colcon.colcon_core.environment:checking '/home/yassa/NUBI3/install/moveit_robot_arm_sim/lib/pkgconfig/moveit_robot_arm_sim.pc'
[1.125s] Level 1:colcon.colcon_core.environment:checking '/home/yassa/NUBI3/install/moveit_robot_arm_sim/lib/python3.10/site-packages'
[1.125s] Level 1:colcon.colcon_core.environment:checking '/home/yassa/NUBI3/install/moveit_robot_arm_sim/bin'
[1.125s] INFO:colcon.colcon_core.shell:Creating package script '/home/yassa/NUBI3/install/moveit_robot_arm_sim/share/moveit_robot_arm_sim/package.ps1'
[1.125s] INFO:colcon.colcon_core.shell:Creating package descriptor '/home/yassa/NUBI3/install/moveit_robot_arm_sim/share/moveit_robot_arm_sim/package.dsv'
[1.126s] INFO:colcon.colcon_core.shell:Creating package script '/home/yassa/NUBI3/install/moveit_robot_arm_sim/share/moveit_robot_arm_sim/package.sh'
[1.126s] INFO:colcon.colcon_core.shell:Creating package script '/home/yassa/NUBI3/install/moveit_robot_arm_sim/share/moveit_robot_arm_sim/package.bash'
[1.126s] INFO:colcon.colcon_core.shell:Creating package script '/home/yassa/NUBI3/install/moveit_robot_arm_sim/share/moveit_robot_arm_sim/package.zsh'
[1.126s] Level 1:colcon.colcon_core.environment:create_file_with_runtime_dependencies(/home/yassa/NUBI3/install/moveit_robot_arm_sim/share/colcon-core/packages/moveit_robot_arm_sim)
[1.126s] DEBUG:colcon.colcon_parallel_executor.executor.parallel:closing loop
[1.127s] DEBUG:colcon.colcon_parallel_executor.executor.parallel:loop closed
[1.127s] DEBUG:colcon.colcon_parallel_executor.executor.parallel:run_until_complete finished with '0'
[1.127s] DEBUG:colcon.colcon_core.event_reactor:joining thread
[1.130s] INFO:colcon.colcon_core.plugin_system:Skipping extension 'colcon_notification.desktop_notification.terminal_notifier': Not used on non-Darwin systems
[1.130s] INFO:colcon.colcon_core.plugin_system:Skipping extension 'colcon_notification.desktop_notification.win32': Not used on non-Windows systems
[1.130s] INFO:colcon.colcon_notification.desktop_notification:Sending desktop notification using 'notify2'
[1.138s] DEBUG:colcon.colcon_core.event_reactor:joined thread
[1.138s] INFO:colcon.colcon_core.shell:Creating prefix script '/home/yassa/NUBI3/install/local_setup.ps1'
[1.139s] INFO:colcon.colcon_core.shell:Creating prefix util module '/home/yassa/NUBI3/install/_local_setup_util_ps1.py'
[1.140s] INFO:colcon.colcon_core.shell:Creating prefix chain script '/home/yassa/NUBI3/install/setup.ps1'
[1.142s] INFO:colcon.colcon_core.shell:Creating prefix script '/home/yassa/NUBI3/install/local_setup.sh'
[1.142s] INFO:colcon.colcon_core.shell:Creating prefix util module '/home/yassa/NUBI3/install/_local_setup_util_sh.py'
[1.143s] INFO:colcon.colcon_core.shell:Creating prefix chain script '/home/yassa/NUBI3/install/setup.sh'
[1.145s] INFO:colcon.colcon_core.shell:Creating prefix script '/home/yassa/NUBI3/install/local_setup.bash'
[1.145s] INFO:colcon.colcon_core.shell:Creating prefix chain script '/home/yassa/NUBI3/install/setup.bash'
[1.147s] INFO:colcon.colcon_core.shell:Creating prefix script '/home/yassa/NUBI3/install/local_setup.zsh'
[1.147s] INFO:colcon.colcon_core.shell:Creating prefix chain script '/home/yassa/NUBI3/install/setup.zsh'
