[0.009s] Invoking command in '/home/yassa/NUBI3/build/moveit_robot_arm_sim': CMAKE_PREFIX_PATH=${CMAKE_PREFIX_PATH}:/home/yassa/NUBI3/install/view_robot_pkg:/home/yassa/NUBI2/install/view_robot_pkg:/home/yassa/ws_moveit/install/moveit_configs_utils:/home/yassa/ws_moveit/install/launch_param_builder:/opt/ros/humble /usr/bin/cmake /home/yassa/NUBI3/src/moveit_robot_arm_sim -DCMAKE_INSTALL_PREFIX=/home/yassa/NUBI3/install/moveit_robot_arm_sim
[0.097s] -- The C compiler identification is GNU 11.4.0
[0.172s] -- The CXX compiler identification is GNU 11.4.0
[0.180s] -- Detecting C compiler ABI info
[0.254s] -- Detecting C compiler ABI info - done
[0.259s] -- Check for working C compiler: /usr/bin/cc - skipped
[0.259s] -- Detecting C compile features
[0.260s] -- Detecting C compile features - done
[0.262s] -- Detecting CXX compiler ABI info
[0.335s] -- Detecting CXX compiler ABI info - done
[0.340s] -- Check for working CXX compiler: /usr/bin/c++ - skipped
[0.340s] -- Detecting CXX compile features
[0.340s] -- Detecting CXX compile features - done
[0.346s] -- Found ament_cmake: 1.3.13 (/opt/ros/humble/share/ament_cmake/cmake)
[0.464s] -- Found Python3: /usr/bin/python3 (found version "3.10.12") found components: Interpreter 
[0.609s] -- Configuring done
[0.610s] -- Generating done
[0.611s] -- Build files have been written to: /home/yassa/NUBI3/build/moveit_robot_arm_sim
[0.614s] Invoked command in '/home/yassa/NUBI3/build/moveit_robot_arm_sim' returned '0': CMAKE_PREFIX_PATH=${CMAKE_PREFIX_PATH}:/home/yassa/NUBI3/install/view_robot_pkg:/home/yassa/NUBI2/install/view_robot_pkg:/home/yassa/ws_moveit/install/moveit_configs_utils:/home/yassa/ws_moveit/install/launch_param_builder:/opt/ros/humble /usr/bin/cmake /home/yassa/NUBI3/src/moveit_robot_arm_sim -DCMAKE_INSTALL_PREFIX=/home/yassa/NUBI3/install/moveit_robot_arm_sim
[0.615s] Invoking command in '/home/yassa/NUBI3/build/moveit_robot_arm_sim': CMAKE_PREFIX_PATH=${CMAKE_PREFIX_PATH}:/home/yassa/NUBI3/install/view_robot_pkg:/home/yassa/NUBI2/install/view_robot_pkg:/home/yassa/ws_moveit/install/moveit_configs_utils:/home/yassa/ws_moveit/install/launch_param_builder:/opt/ros/humble /usr/bin/cmake --build /home/yassa/NUBI3/build/moveit_robot_arm_sim -- -j8 -l8
[0.656s] Invoked command in '/home/yassa/NUBI3/build/moveit_robot_arm_sim' returned '0': CMAKE_PREFIX_PATH=${CMAKE_PREFIX_PATH}:/home/yassa/NUBI3/install/view_robot_pkg:/home/yassa/NUBI2/install/view_robot_pkg:/home/yassa/ws_moveit/install/moveit_configs_utils:/home/yassa/ws_moveit/install/launch_param_builder:/opt/ros/humble /usr/bin/cmake --build /home/yassa/NUBI3/build/moveit_robot_arm_sim -- -j8 -l8
[0.665s] Invoking command in '/home/yassa/NUBI3/build/moveit_robot_arm_sim': CMAKE_PREFIX_PATH=${CMAKE_PREFIX_PATH}:/home/yassa/NUBI3/install/view_robot_pkg:/home/yassa/NUBI2/install/view_robot_pkg:/home/yassa/ws_moveit/install/moveit_configs_utils:/home/yassa/ws_moveit/install/launch_param_builder:/opt/ros/humble /usr/bin/cmake --install /home/yassa/NUBI3/build/moveit_robot_arm_sim
[0.672s] -- Install configuration: ""
[0.672s] -- Installing: /home/yassa/NUBI3/install/moveit_robot_arm_sim/share/ament_index/resource_index/package_run_dependencies/moveit_robot_arm_sim
[0.672s] -- Installing: /home/yassa/NUBI3/install/moveit_robot_arm_sim/share/ament_index/resource_index/parent_prefix_path/moveit_robot_arm_sim
[0.672s] -- Installing: /home/yassa/NUBI3/install/moveit_robot_arm_sim/share/moveit_robot_arm_sim/environment/ament_prefix_path.sh
[0.672s] -- Installing: /home/yassa/NUBI3/install/moveit_robot_arm_sim/share/moveit_robot_arm_sim/environment/ament_prefix_path.dsv
[0.673s] -- Installing: /home/yassa/NUBI3/install/moveit_robot_arm_sim/share/moveit_robot_arm_sim/environment/path.sh
[0.673s] -- Installing: /home/yassa/NUBI3/install/moveit_robot_arm_sim/share/moveit_robot_arm_sim/environment/path.dsv
[0.673s] -- Installing: /home/yassa/NUBI3/install/moveit_robot_arm_sim/share/moveit_robot_arm_sim/local_setup.bash
[0.673s] -- Installing: /home/yassa/NUBI3/install/moveit_robot_arm_sim/share/moveit_robot_arm_sim/local_setup.sh
[0.673s] -- Installing: /home/yassa/NUBI3/install/moveit_robot_arm_sim/share/moveit_robot_arm_sim/local_setup.zsh
[0.673s] -- Installing: /home/yassa/NUBI3/install/moveit_robot_arm_sim/share/moveit_robot_arm_sim/local_setup.dsv
[0.673s] -- Installing: /home/yassa/NUBI3/install/moveit_robot_arm_sim/share/moveit_robot_arm_sim/package.dsv
[0.673s] -- Installing: /home/yassa/NUBI3/install/moveit_robot_arm_sim/share/ament_index/resource_index/packages/moveit_robot_arm_sim
[0.673s] -- Installing: /home/yassa/NUBI3/install/moveit_robot_arm_sim/share/moveit_robot_arm_sim/cmake/moveit_robot_arm_simConfig.cmake
[0.673s] -- Installing: /home/yassa/NUBI3/install/moveit_robot_arm_sim/share/moveit_robot_arm_sim/cmake/moveit_robot_arm_simConfig-version.cmake
[0.673s] -- Installing: /home/yassa/NUBI3/install/moveit_robot_arm_sim/share/moveit_robot_arm_sim/package.xml
[0.673s] -- Installing: /home/yassa/NUBI3/install/moveit_robot_arm_sim/share/moveit_robot_arm_sim/launch
[0.673s] -- Installing: /home/yassa/NUBI3/install/moveit_robot_arm_sim/share/moveit_robot_arm_sim/launch/spawn_controllers.launch.py
[0.673s] -- Installing: /home/yassa/NUBI3/install/moveit_robot_arm_sim/share/moveit_robot_arm_sim/launch/rsp.launch.py
[0.673s] -- Installing: /home/yassa/NUBI3/install/moveit_robot_arm_sim/share/moveit_robot_arm_sim/launch/moveit_rviz.launch.py
[0.673s] -- Installing: /home/yassa/NUBI3/install/moveit_robot_arm_sim/share/moveit_robot_arm_sim/launch/warehouse_db.launch.py
[0.673s] -- Installing: /home/yassa/NUBI3/install/moveit_robot_arm_sim/share/moveit_robot_arm_sim/launch/setup_assistant.launch.py
[0.673s] -- Installing: /home/yassa/NUBI3/install/moveit_robot_arm_sim/share/moveit_robot_arm_sim/launch/static_virtual_joint_tfs.launch.py
[0.673s] -- Installing: /home/yassa/NUBI3/install/moveit_robot_arm_sim/share/moveit_robot_arm_sim/launch/demo.launch.py
[0.673s] -- Installing: /home/yassa/NUBI3/install/moveit_robot_arm_sim/share/moveit_robot_arm_sim/launch/move_group.launch.py
[0.674s] -- Installing: /home/yassa/NUBI3/install/moveit_robot_arm_sim/share/moveit_robot_arm_sim/config
[0.674s] -- Installing: /home/yassa/NUBI3/install/moveit_robot_arm_sim/share/moveit_robot_arm_sim/config/moveit.rviz
[0.674s] -- Installing: /home/yassa/NUBI3/install/moveit_robot_arm_sim/share/moveit_robot_arm_sim/config/robot_description_3.ros2_control.xacro
[0.674s] -- Installing: /home/yassa/NUBI3/install/moveit_robot_arm_sim/share/moveit_robot_arm_sim/config/joint_limits.yaml
[0.674s] -- Installing: /home/yassa/NUBI3/install/moveit_robot_arm_sim/share/moveit_robot_arm_sim/config/pilz_cartesian_limits.yaml
[0.674s] -- Installing: /home/yassa/NUBI3/install/moveit_robot_arm_sim/share/moveit_robot_arm_sim/config/kinematics.yaml
[0.674s] -- Installing: /home/yassa/NUBI3/install/moveit_robot_arm_sim/share/moveit_robot_arm_sim/config/ros2_controllers.yaml
[0.674s] -- Installing: /home/yassa/NUBI3/install/moveit_robot_arm_sim/share/moveit_robot_arm_sim/config/robot_description_3.urdf.xacro
[0.674s] -- Installing: /home/yassa/NUBI3/install/moveit_robot_arm_sim/share/moveit_robot_arm_sim/config/initial_positions.yaml
[0.674s] -- Installing: /home/yassa/NUBI3/install/moveit_robot_arm_sim/share/moveit_robot_arm_sim/config/robot_description_3.srdf
[0.674s] -- Installing: /home/yassa/NUBI3/install/moveit_robot_arm_sim/share/moveit_robot_arm_sim/config/moveit_controllers.yaml
[0.674s] -- Installing: /home/yassa/NUBI3/install/moveit_robot_arm_sim/share/moveit_robot_arm_sim/.setup_assistant
[0.675s] Invoked command in '/home/yassa/NUBI3/build/moveit_robot_arm_sim' returned '0': CMAKE_PREFIX_PATH=${CMAKE_PREFIX_PATH}:/home/yassa/NUBI3/install/view_robot_pkg:/home/yassa/NUBI2/install/view_robot_pkg:/home/yassa/ws_moveit/install/moveit_configs_utils:/home/yassa/ws_moveit/install/launch_param_builder:/opt/ros/humble /usr/bin/cmake --install /home/yassa/NUBI3/build/moveit_robot_arm_sim
