[0.013s] Invoking command in '/home/yassa/NUBI3/build/moveit_robot_arm_sim': AMENT_PREFIX_PATH=/home/yassa/NUBI3/install/view_robot_pkg:${AMENT_PREFIX_PATH} CMAKE_PREFIX_PATH=${CMAKE_PREFIX_PATH}:/home/yassa/ws_moveit/install/moveit_configs_utils:/home/yassa/ws_moveit/install/launch_param_builder:/opt/ros/humble PYTHONPATH=/home/yassa/NUBI3/install/view_robot_pkg/lib/python3.10/site-packages:${PYTHONPATH} /usr/bin/cmake --build /home/yassa/NUBI3/build/moveit_robot_arm_sim -- -j8 -l8
[0.052s] Invoked command in '/home/yassa/NUBI3/build/moveit_robot_arm_sim' returned '0': AMENT_PREFIX_PATH=/home/yassa/NUBI3/install/view_robot_pkg:${AMENT_PREFIX_PATH} CMAKE_PREFIX_PATH=${CMAKE_PREFIX_PATH}:/home/yassa/ws_moveit/install/moveit_configs_utils:/home/yassa/ws_moveit/install/launch_param_builder:/opt/ros/humble PYTHONPATH=/home/yassa/NUBI3/install/view_robot_pkg/lib/python3.10/site-packages:${PYTHONPATH} /usr/bin/cmake --build /home/yassa/NUBI3/build/moveit_robot_arm_sim -- -j8 -l8
[0.062s] Invoking command in '/home/yassa/NUBI3/build/moveit_robot_arm_sim': AMENT_PREFIX_PATH=/home/yassa/NUBI3/install/view_robot_pkg:${AMENT_PREFIX_PATH} CMAKE_PREFIX_PATH=${CMAKE_PREFIX_PATH}:/home/yassa/ws_moveit/install/moveit_configs_utils:/home/yassa/ws_moveit/install/launch_param_builder:/opt/ros/humble PYTHONPATH=/home/yassa/NUBI3/install/view_robot_pkg/lib/python3.10/site-packages:${PYTHONPATH} /usr/bin/cmake --install /home/yassa/NUBI3/build/moveit_robot_arm_sim
[0.070s] -- Install configuration: ""
[0.070s] -- Up-to-date: /home/yassa/NUBI3/install/moveit_robot_arm_sim/share/ament_index/resource_index/package_run_dependencies/moveit_robot_arm_sim
[0.070s] -- Up-to-date: /home/yassa/NUBI3/install/moveit_robot_arm_sim/share/ament_index/resource_index/parent_prefix_path/moveit_robot_arm_sim
[0.070s] -- Up-to-date: /home/yassa/NUBI3/install/moveit_robot_arm_sim/share/moveit_robot_arm_sim/environment/ament_prefix_path.sh
[0.070s] -- Up-to-date: /home/yassa/NUBI3/install/moveit_robot_arm_sim/share/moveit_robot_arm_sim/environment/ament_prefix_path.dsv
[0.070s] -- Up-to-date: /home/yassa/NUBI3/install/moveit_robot_arm_sim/share/moveit_robot_arm_sim/environment/path.sh
[0.070s] -- Up-to-date: /home/yassa/NUBI3/install/moveit_robot_arm_sim/share/moveit_robot_arm_sim/environment/path.dsv
[0.070s] -- Up-to-date: /home/yassa/NUBI3/install/moveit_robot_arm_sim/share/moveit_robot_arm_sim/local_setup.bash
[0.070s] -- Up-to-date: /home/yassa/NUBI3/install/moveit_robot_arm_sim/share/moveit_robot_arm_sim/local_setup.sh
[0.070s] -- Up-to-date: /home/yassa/NUBI3/install/moveit_robot_arm_sim/share/moveit_robot_arm_sim/local_setup.zsh
[0.070s] -- Up-to-date: /home/yassa/NUBI3/install/moveit_robot_arm_sim/share/moveit_robot_arm_sim/local_setup.dsv
[0.070s] -- Installing: /home/yassa/NUBI3/install/moveit_robot_arm_sim/share/moveit_robot_arm_sim/package.dsv
[0.070s] -- Up-to-date: /home/yassa/NUBI3/install/moveit_robot_arm_sim/share/ament_index/resource_index/packages/moveit_robot_arm_sim
[0.070s] -- Up-to-date: /home/yassa/NUBI3/install/moveit_robot_arm_sim/share/moveit_robot_arm_sim/cmake/moveit_robot_arm_simConfig.cmake
[0.070s] -- Up-to-date: /home/yassa/NUBI3/install/moveit_robot_arm_sim/share/moveit_robot_arm_sim/cmake/moveit_robot_arm_simConfig-version.cmake
[0.071s] -- Up-to-date: /home/yassa/NUBI3/install/moveit_robot_arm_sim/share/moveit_robot_arm_sim/package.xml
[0.071s] -- Installing: /home/yassa/NUBI3/install/moveit_robot_arm_sim/lib/moveit_robot_arm_sim/move_to_xyz.py
[0.071s] -- Up-to-date: /home/yassa/NUBI3/install/moveit_robot_arm_sim/share/moveit_robot_arm_sim/launch
[0.071s] -- Up-to-date: /home/yassa/NUBI3/install/moveit_robot_arm_sim/share/moveit_robot_arm_sim/launch/spawn_controllers.launch.py
[0.071s] -- Up-to-date: /home/yassa/NUBI3/install/moveit_robot_arm_sim/share/moveit_robot_arm_sim/launch/rsp.launch.py
[0.071s] -- Up-to-date: /home/yassa/NUBI3/install/moveit_robot_arm_sim/share/moveit_robot_arm_sim/launch/moveit_rviz.launch.py
[0.071s] -- Up-to-date: /home/yassa/NUBI3/install/moveit_robot_arm_sim/share/moveit_robot_arm_sim/launch/warehouse_db.launch.py
[0.071s] -- Up-to-date: /home/yassa/NUBI3/install/moveit_robot_arm_sim/share/moveit_robot_arm_sim/launch/setup_assistant.launch.py
[0.071s] -- Up-to-date: /home/yassa/NUBI3/install/moveit_robot_arm_sim/share/moveit_robot_arm_sim/launch/static_virtual_joint_tfs.launch.py
[0.071s] -- Up-to-date: /home/yassa/NUBI3/install/moveit_robot_arm_sim/share/moveit_robot_arm_sim/launch/demo.launch.py
[0.071s] -- Up-to-date: /home/yassa/NUBI3/install/moveit_robot_arm_sim/share/moveit_robot_arm_sim/launch/move_group.launch.py
[0.071s] -- Up-to-date: /home/yassa/NUBI3/install/moveit_robot_arm_sim/share/moveit_robot_arm_sim/config
[0.071s] -- Up-to-date: /home/yassa/NUBI3/install/moveit_robot_arm_sim/share/moveit_robot_arm_sim/config/moveit.rviz
[0.071s] -- Up-to-date: /home/yassa/NUBI3/install/moveit_robot_arm_sim/share/moveit_robot_arm_sim/config/robot_description_3.ros2_control.xacro
[0.071s] -- Up-to-date: /home/yassa/NUBI3/install/moveit_robot_arm_sim/share/moveit_robot_arm_sim/config/joint_limits.yaml
[0.071s] -- Up-to-date: /home/yassa/NUBI3/install/moveit_robot_arm_sim/share/moveit_robot_arm_sim/config/pilz_cartesian_limits.yaml
[0.071s] -- Installing: /home/yassa/NUBI3/install/moveit_robot_arm_sim/share/moveit_robot_arm_sim/config/kinematics.yaml
[0.071s] -- Up-to-date: /home/yassa/NUBI3/install/moveit_robot_arm_sim/share/moveit_robot_arm_sim/config/ros2_controllers.yaml
[0.071s] -- Up-to-date: /home/yassa/NUBI3/install/moveit_robot_arm_sim/share/moveit_robot_arm_sim/config/robot_description_3.urdf.xacro
[0.071s] -- Up-to-date: /home/yassa/NUBI3/install/moveit_robot_arm_sim/share/moveit_robot_arm_sim/config/initial_positions.yaml
[0.071s] -- Up-to-date: /home/yassa/NUBI3/install/moveit_robot_arm_sim/share/moveit_robot_arm_sim/config/robot_description_3.srdf
[0.071s] -- Up-to-date: /home/yassa/NUBI3/install/moveit_robot_arm_sim/share/moveit_robot_arm_sim/config/moveit_controllers.yaml
[0.072s] -- Up-to-date: /home/yassa/NUBI3/install/moveit_robot_arm_sim/share/moveit_robot_arm_sim/.setup_assistant
[0.072s] Invoked command in '/home/yassa/NUBI3/build/moveit_robot_arm_sim' returned '0': AMENT_PREFIX_PATH=/home/yassa/NUBI3/install/view_robot_pkg:${AMENT_PREFIX_PATH} CMAKE_PREFIX_PATH=${CMAKE_PREFIX_PATH}:/home/yassa/ws_moveit/install/moveit_configs_utils:/home/yassa/ws_moveit/install/launch_param_builder:/opt/ros/humble PYTHONPATH=/home/yassa/NUBI3/install/view_robot_pkg/lib/python3.10/site-packages:${PYTHONPATH} /usr/bin/cmake --install /home/yassa/NUBI3/build/moveit_robot_arm_sim
