Removed Pin From Net: NetName=+7.4V Pin=C4-1
Removed Pin From Net: NetName=GND Pin=C4-2
Removed Pin From Net: NetName=+5V Pin=C5-1
Removed Pin From Net: NetName=GND Pin=C5-2
Removed Pin From Net: NetName=A9_TX Pin=J2-1
Removed Pin From Net: NetName=A10_RX Pin=J2-2
Removed Pin From Net: NetName=A9_TX Pin=J4-1
Removed Pin From Net: NetName=A10_RX Pin=J4-2
Removed Pin From Net: NetName=A9_TX Pin=P1-6
Removed Pin From Net: NetName=A10_RX Pin=P1-7
Removed Pin From Net: NetName=A3 Pin=P2-12
Removed Pin From Net: NetName=A2 Pin=P2-13
Removed Pin From Net: NetName=+7.4V Pin=U2-1
Removed Pin From Net: NetName=GND Pin=U2-2
Removed Pin From Net: NetName=+5V Pin=U2-3
Removed Member From Class: ClassName=Sheet Member=C4
Removed Member From Class: ClassName=Sheet Member=C5
Removed Member From Class: ClassName=Sheet Member=U2
Change Component Footprint: Designator=R1 Old Footprint=FP-CMF50-0 New Footprint=RESC2013X70X40ML20T20
Change Component Footprint: Designator=R3 Old Footprint=FP-CMF50-0 New Footprint=RESC2013X70X40ML20T20
Change Component Comment : Designator=R3 Old Comment=330 New Comment=Resistor 1k +/-1% 0805 125 mW
Change Component Comment : Designator=R1 Old Comment=560 New Comment=Resistor 1k +/-1% 0805 125 mW
Change Component Designator: OldDesignator=L_5v NewDesignator=L_5
Change Component Designator: OldDesignator=L_5vR NewDesignator=L_5R
Change Component Designator: OldDesignator=L_7.4v NewDesignator=L_7.4
Change Managed Component Library Link : Designator=R1 Old VaultGUID=B7D15EC3-160A-466F-A46C-7801FE6295A7 New VaultGUID=5B42F5D8-478F-41B1-8B96-D3CE43C7CC4E Old ItemGUID=2FB24951-474A-4C17-98D7-BAC6C108C0F1 New ItemGUID=EFFE4970-1A36-4B82-BFCC-791943739B8E Old RevisionGUID=0DA5BB12-6FE1-401C-B657-5EB126F6070C New RevisionGUID=9FDCC972-100C-4577-84D4-F138D32E6AB8
Change Managed Component Library Link : Designator=R3 Old VaultGUID=B7D15EC3-160A-466F-A46C-7801FE6295A7 New VaultGUID=5B42F5D8-478F-41B1-8B96-D3CE43C7CC4E Old ItemGUID=2FB24951-474A-4C17-98D7-BAC6C108C0F1 New ItemGUID=EFFE4970-1A36-4B82-BFCC-791943739B8E Old RevisionGUID=0DA5BB12-6FE1-401C-B657-5EB126F6070C New RevisionGUID=9FDCC972-100C-4577-84D4-F138D32E6AB8
Change component parameters: Designator = "R1" ("R1"); Footprint = "FP-CMF50-0"; UniqueID = "\SOVMGKZC" ("\SOVMGKZC")
Change component parameters (AddParameter): Name = "Case/Package"; Value = "0805"; VariantName = "[No Variations]"
Change component parameters (AddParameter): Name = "Max Operating Temperature"; Value = "155°C"; VariantName = "[No Variations]"
Change component parameters (AddParameter): Name = "Min Operating Temperature"; Value = "-55°C"; VariantName = "[No Variations]"
Change component parameters (AddParameter): Name = "Mounting Technology"; Value = "SM"; VariantName = "[No Variations]"
Change component parameters (AddParameter): Name = "Pins"; Value = "2"; VariantName = "[No Variations]"
Change component parameters (AddParameter): Name = "Power"; Value = "125mW"; VariantName = "[No Variations]"
Change component parameters (AddParameter): Name = "RoHS Compliant"; Value = "True"; VariantName = "[No Variations]"
Change component parameters (AddParameter): Name = "Tolerance"; Value = "1%"; VariantName = "[No Variations]"
Change component parameters (AddParameter): Name = "Value"; Value = "1k"; VariantName = "[No Variations]"
Change component parameters (AddParameter): Name = "Voltage Rating"; Value = "150V"; VariantName = "[No Variations]"
Change component parameters: Designator = "R3" ("R3"); Footprint = "FP-CMF50-0"; UniqueID = "\LCZXZEGY" ("\LCZXZEGY")
Change component parameters (AddParameter): Name = "Case/Package"; Value = "0805"; VariantName = "[No Variations]"
Change component parameters (AddParameter): Name = "Max Operating Temperature"; Value = "155°C"; VariantName = "[No Variations]"
Change component parameters (AddParameter): Name = "Min Operating Temperature"; Value = "-55°C"; VariantName = "[No Variations]"
Change component parameters (AddParameter): Name = "Mounting Technology"; Value = "SM"; VariantName = "[No Variations]"
Change component parameters (AddParameter): Name = "Pins"; Value = "2"; VariantName = "[No Variations]"
Change component parameters (AddParameter): Name = "Power"; Value = "125mW"; VariantName = "[No Variations]"
Change component parameters (AddParameter): Name = "RoHS Compliant"; Value = "True"; VariantName = "[No Variations]"
Change component parameters (AddParameter): Name = "Tolerance"; Value = "1%"; VariantName = "[No Variations]"
Change component parameters (AddParameter): Name = "Value"; Value = "1k"; VariantName = "[No Variations]"
Change component parameters (AddParameter): Name = "Voltage Rating"; Value = "150V"; VariantName = "[No Variations]"
Added Component: Designator=*(MP1584EN_MODULE)
Add Pin To Net: Unknown Pin: Pin *-IN+
Add Pin To Net: Unknown Pin: Pin *-IN-
Add Pin To Net: Unknown Pin: Pin *-OUT+
Add Pin To Net: Unknown Pin: Pin *-OUT-
Added Pin To Net: NetName=A2_TX2 Pin=P2-13
Added Net: Name=A2_TX2
Added Pin To Net: NetName=A3_RX2 Pin=P2-12
Added Net: Name=A3_RX2
Added Pin To Net: NetName=A9_TX1 Pin=J2-1
Added Pin To Net: NetName=A9_TX1 Pin=J4-1
Added Pin To Net: NetName=A9_TX1 Pin=P1-6
Added Net: Name=A9_TX1
Added Pin To Net: NetName=A10_RX1 Pin=J2-2
Added Pin To Net: NetName=A10_RX1 Pin=J4-2
Added Pin To Net: NetName=A10_RX1 Pin=P1-7
Added Net: Name=A10_RX1
Added Member To Class: ClassName=Sheet Member=Component * MP1584EN_Buck_stepdown
Added Member To Class: ClassName=Sheet Member=Component R1 Resistor 1k +/-1% 0805 125 mW
Added Rule: Name=Schematic Supply Nets
Added Rule: Name=Schematic Supply Nets_1
Added Rule: Name=Schematic Supply Nets_2
Added Rule: Name=Schematic Supply Nets_3
Added Rule: Name=Schematic Supply Nets_4
