Removed Pin From Net: NetName=VB Pin=P4-1
Removed Pin From Net: NetName=C13 Pin=P4-2
Removed Pin From Net: NetName=C14 Pin=P4-3
Removed Pin From Net: NetName=C15 Pin=P4-4
Removed Pin From Net: NetName=R Pin=P4-5
Removed Pin From Net: NetName=A0 Pin=P4-6
Removed Pin From Net: NetName=A1 Pin=P4-7
Removed Pin From Net: NetName=A2_TX2 Pin=P4-8
Removed Pin From Net: NetName=A3_RX2 Pin=P4-9
Removed Pin From Net: NetName=A4 Pin=P4-10
Removed Pin From Net: NetName=A5 Pin=P4-11
Removed Pin From Net: NetName=A6 Pin=P4-12
Removed Pin From Net: NetName=A7 Pin=P4-13
Removed Pin From Net: NetName=B0 Pin=P4-14
Removed Pin From Net: NetName=B1 Pin=P4-15
Removed Pin From Net: NetName=B2 Pin=P4-16
Removed Pin From Net: NetName=B10 Pin=P4-17
Removed Member From Class: ClassName=Sheet Member=P4
Added Component: Designator=P5(Header F 2.54X20)
Added Pin To Net: NetName=VB Pin=P5-2
Added Pin To Net: NetName=C13 Pin=P5-3
Added Pin To Net: NetName=C14 Pin=P5-4
Added Pin To Net: NetName=C15 Pin=P5-5
Added Pin To Net: NetName=R Pin=P5-6
Added Pin To Net: NetName=A0 Pin=P5-7
Added Pin To Net: NetName=A1 Pin=P5-8
Added Pin To Net: NetName=A2_TX2 Pin=P5-9
Added Pin To Net: NetName=A3_RX2 Pin=P5-10
Added Pin To Net: NetName=A4 Pin=P5-11
Added Pin To Net: NetName=A5 Pin=P5-12
Added Pin To Net: NetName=A6 Pin=P5-13
Added Pin To Net: NetName=A7 Pin=P5-14
Added Pin To Net: NetName=B0 Pin=P5-15
Added Pin To Net: NetName=B1 Pin=P5-16
Added Pin To Net: NetName=B2 Pin=P5-17
Added Pin To Net: NetName=B10 Pin=P5-18
Added Pin To Net: NetName=GND Pin=P5-19
Added Pin To Net: NetName=STM_PWR Pin=P5-20
Added Member To Class: ClassName=Sheet Member=Component P5 Connector Pinheader 1x20
