/home/yassa/NUBI3/install/view_robot_pkg/lib/python3.10/site-packages/view_robot_pkg/__init__.py
/home/yassa/NUBI3/install/view_robot_pkg/lib/python3.10/site-packages/view_robot_pkg/__pycache__/__init__.cpython-310.pyc
/home/yassa/NUBI3/install/view_robot_pkg/share/ament_index/resource_index/packages/view_robot_pkg
/home/yassa/NUBI3/install/view_robot_pkg/share/view_robot_pkg/package.xml
/home/yassa/NUBI3/install/view_robot_pkg/share/view_robot_pkg/launch/view_robot.launch
/home/yassa/NUBI3/install/view_robot_pkg/share/view_robot_pkg/urdf/robot_description.urdf
/home/yassa/NUBI3/install/view_robot_pkg/share/view_robot_pkg/rviz/default_view.rviz
/home/yassa/NUBI3/install/view_robot_pkg/share/view_robot_pkg/meshes/hL_sh1.STL
/home/yassa/NUBI3/install/view_robot_pkg/share/view_robot_pkg/meshes/right_finger_1.STL
/home/yassa/NUBI3/install/view_robot_pkg/share/view_robot_pkg/meshes/hL_sh2.STL
/home/yassa/NUBI3/install/view_robot_pkg/share/view_robot_pkg/meshes/L_A_1.STL
/home/yassa/NUBI3/install/view_robot_pkg/share/view_robot_pkg/meshes/left_finger_3.STL
/home/yassa/NUBI3/install/view_robot_pkg/share/view_robot_pkg/meshes/L_W_1.STL
/home/yassa/NUBI3/install/view_robot_pkg/share/view_robot_pkg/meshes/hr_sh1.STL
/home/yassa/NUBI3/install/view_robot_pkg/share/view_robot_pkg/meshes/right_finger_3.STL
/home/yassa/NUBI3/install/view_robot_pkg/share/view_robot_pkg/meshes/L_W_2.STL
/home/yassa/NUBI3/install/view_robot_pkg/share/view_robot_pkg/meshes/Upper_body.STL
/home/yassa/NUBI3/install/view_robot_pkg/share/view_robot_pkg/meshes/left_finger_2.STL
/home/yassa/NUBI3/install/view_robot_pkg/share/view_robot_pkg/meshes/R_W_2.STL
/home/yassa/NUBI3/install/view_robot_pkg/share/view_robot_pkg/meshes/hL_e.STL
/home/yassa/NUBI3/install/view_robot_pkg/share/view_robot_pkg/meshes/R_A_1.STL
/home/yassa/NUBI3/install/view_robot_pkg/share/view_robot_pkg/meshes/L_A_2.STL
/home/yassa/NUBI3/install/view_robot_pkg/share/view_robot_pkg/meshes/R_W_3.STL
/home/yassa/NUBI3/install/view_robot_pkg/share/view_robot_pkg/meshes/hr_e.STL
/home/yassa/NUBI3/install/view_robot_pkg/share/view_robot_pkg/meshes/base_lin.STL
/home/yassa/NUBI3/install/view_robot_pkg/share/view_robot_pkg/meshes/L_N_1.STL
/home/yassa/NUBI3/install/view_robot_pkg/share/view_robot_pkg/meshes/L_W_3.STL
/home/yassa/NUBI3/install/view_robot_pkg/share/view_robot_pkg/meshes/hr_sh2.STL
/home/yassa/NUBI3/install/view_robot_pkg/share/view_robot_pkg/meshes/right_finger_2.STL
/home/yassa/NUBI3/install/view_robot_pkg/share/view_robot_pkg/meshes/left_finger_1.STL
/home/yassa/NUBI3/install/view_robot_pkg/share/view_robot_pkg/meshes/R_W_1.STL
/home/yassa/NUBI3/install/view_robot_pkg/share/view_robot_pkg/meshes/R_A_2.STL
/home/yassa/NUBI3/install/view_robot_pkg/share/view_robot_pkg/meshes/R_N_1.STL
/home/yassa/NUBI3/install/view_robot_pkg/lib/python3.10/site-packages/view_robot_pkg-0.0.0-py3.10.egg-info/zip-safe
/home/yassa/NUBI3/install/view_robot_pkg/lib/python3.10/site-packages/view_robot_pkg-0.0.0-py3.10.egg-info/entry_points.txt
/home/yassa/NUBI3/install/view_robot_pkg/lib/python3.10/site-packages/view_robot_pkg-0.0.0-py3.10.egg-info/top_level.txt
/home/yassa/NUBI3/install/view_robot_pkg/lib/python3.10/site-packages/view_robot_pkg-0.0.0-py3.10.egg-info/requires.txt
/home/yassa/NUBI3/install/view_robot_pkg/lib/python3.10/site-packages/view_robot_pkg-0.0.0-py3.10.egg-info/SOURCES.txt
/home/yassa/NUBI3/install/view_robot_pkg/lib/python3.10/site-packages/view_robot_pkg-0.0.0-py3.10.egg-info/PKG-INFO
/home/yassa/NUBI3/install/view_robot_pkg/lib/python3.10/site-packages/view_robot_pkg-0.0.0-py3.10.egg-info/dependency_links.txt
