[0.487s] Invoking command in '/home/yassa/NUBI3/src/view_robot_pkg': PYTHONPATH=/home/yassa/NUBI3/build/view_robot_pkg/prefix_override:/usr/lib/python3/dist-packages/colcon_core/task/python/colcon_distutils_commands:/home/yassa/NUBI3/install/view_robot_pkg/lib/python3.10/site-packages:${PYTHONPATH} /usr/bin/python3 -W ignore:setup.py install is deprecated -W ignore:easy_install command is deprecated setup.py egg_info --egg-base ../../build/view_robot_pkg build --build-base /home/yassa/NUBI3/build/view_robot_pkg/build install --record /home/yassa/NUBI3/build/view_robot_pkg/install.log --single-version-externally-managed install_data
[0.641s] running egg_info
[0.641s] creating ../../build/view_robot_pkg/view_robot_pkg.egg-info
[0.641s] writing ../../build/view_robot_pkg/view_robot_pkg.egg-info/PKG-INFO
[0.641s] writing dependency_links to ../../build/view_robot_pkg/view_robot_pkg.egg-info/dependency_links.txt
[0.641s] writing entry points to ../../build/view_robot_pkg/view_robot_pkg.egg-info/entry_points.txt
[0.641s] writing requirements to ../../build/view_robot_pkg/view_robot_pkg.egg-info/requires.txt
[0.642s] writing top-level names to ../../build/view_robot_pkg/view_robot_pkg.egg-info/top_level.txt
[0.642s] writing manifest file '../../build/view_robot_pkg/view_robot_pkg.egg-info/SOURCES.txt'
[0.643s] reading manifest file '../../build/view_robot_pkg/view_robot_pkg.egg-info/SOURCES.txt'
[0.643s] writing manifest file '../../build/view_robot_pkg/view_robot_pkg.egg-info/SOURCES.txt'
[0.643s] running build
[0.643s] running build_py
[0.643s] creating /home/yassa/NUBI3/build/view_robot_pkg/build
[0.643s] creating /home/yassa/NUBI3/build/view_robot_pkg/build/lib
[0.643s] creating /home/yassa/NUBI3/build/view_robot_pkg/build/lib/view_robot_pkg
[0.643s] copying view_robot_pkg/__init__.py -> /home/yassa/NUBI3/build/view_robot_pkg/build/lib/view_robot_pkg
[0.643s] running install
[0.643s] running install_lib
[0.644s] creating /home/yassa/NUBI3/install/view_robot_pkg/lib/python3.10/site-packages/view_robot_pkg
[0.644s] copying /home/yassa/NUBI3/build/view_robot_pkg/build/lib/view_robot_pkg/__init__.py -> /home/yassa/NUBI3/install/view_robot_pkg/lib/python3.10/site-packages/view_robot_pkg
[0.644s] byte-compiling /home/yassa/NUBI3/install/view_robot_pkg/lib/python3.10/site-packages/view_robot_pkg/__init__.py to __init__.cpython-310.pyc
[0.644s] running install_data
[0.644s] creating /home/yassa/NUBI3/install/view_robot_pkg/share/ament_index
[0.644s] creating /home/yassa/NUBI3/install/view_robot_pkg/share/ament_index/resource_index
[0.644s] creating /home/yassa/NUBI3/install/view_robot_pkg/share/ament_index/resource_index/packages
[0.645s] copying resource/view_robot_pkg -> /home/yassa/NUBI3/install/view_robot_pkg/share/ament_index/resource_index/packages
[0.645s] copying package.xml -> /home/yassa/NUBI3/install/view_robot_pkg/share/view_robot_pkg
[0.645s] creating /home/yassa/NUBI3/install/view_robot_pkg/share/view_robot_pkg/launch
[0.645s] copying launch/view_robot.launch -> /home/yassa/NUBI3/install/view_robot_pkg/share/view_robot_pkg/launch
[0.645s] creating /home/yassa/NUBI3/install/view_robot_pkg/share/view_robot_pkg/urdf
[0.645s] copying urdf/robot_description.urdf -> /home/yassa/NUBI3/install/view_robot_pkg/share/view_robot_pkg/urdf
[0.645s] creating /home/yassa/NUBI3/install/view_robot_pkg/share/view_robot_pkg/rviz
[0.645s] copying rviz/default_view.rviz -> /home/yassa/NUBI3/install/view_robot_pkg/share/view_robot_pkg/rviz
[0.645s] creating /home/yassa/NUBI3/install/view_robot_pkg/share/view_robot_pkg/meshes
[0.645s] copying meshes/RAnkle.STL -> /home/yassa/NUBI3/install/view_robot_pkg/share/view_robot_pkg/meshes
[0.646s] copying meshes/RTibia.STL -> /home/yassa/NUBI3/install/view_robot_pkg/share/view_robot_pkg/meshes
[0.648s] copying meshes/LShoulder.STL -> /home/yassa/NUBI3/install/view_robot_pkg/share/view_robot_pkg/meshes
[0.648s] copying meshes/LFemur.STL -> /home/yassa/NUBI3/install/view_robot_pkg/share/view_robot_pkg/meshes
[0.648s] copying meshes/LHumerus.STL -> /home/yassa/NUBI3/install/view_robot_pkg/share/view_robot_pkg/meshes
[0.650s] copying meshes/RHip.STL -> /home/yassa/NUBI3/install/view_robot_pkg/share/view_robot_pkg/meshes
[0.651s] copying meshes/RFoot.STL -> /home/yassa/NUBI3/install/view_robot_pkg/share/view_robot_pkg/meshes
[0.651s] copying meshes/RFemur.STL -> /home/yassa/NUBI3/install/view_robot_pkg/share/view_robot_pkg/meshes
[0.652s] copying meshes/RPelvis.STL -> /home/yassa/NUBI3/install/view_robot_pkg/share/view_robot_pkg/meshes
[0.652s] copying meshes/LPelvis.STL -> /home/yassa/NUBI3/install/view_robot_pkg/share/view_robot_pkg/meshes
[0.652s] copying meshes/LAnkle.STL -> /home/yassa/NUBI3/install/view_robot_pkg/share/view_robot_pkg/meshes
[0.654s] copying meshes/base_link.STL -> /home/yassa/NUBI3/install/view_robot_pkg/share/view_robot_pkg/meshes
[0.655s] copying meshes/LHip.STL -> /home/yassa/NUBI3/install/view_robot_pkg/share/view_robot_pkg/meshes
[0.657s] copying meshes/LTibia.STL -> /home/yassa/NUBI3/install/view_robot_pkg/share/view_robot_pkg/meshes
[0.658s] copying meshes/RShoulder.STL -> /home/yassa/NUBI3/install/view_robot_pkg/share/view_robot_pkg/meshes
[0.658s] copying meshes/RForearm.STL -> /home/yassa/NUBI3/install/view_robot_pkg/share/view_robot_pkg/meshes
[0.659s] copying meshes/LFoot.STL -> /home/yassa/NUBI3/install/view_robot_pkg/share/view_robot_pkg/meshes
[0.659s] copying meshes/chest.STL -> /home/yassa/NUBI3/install/view_robot_pkg/share/view_robot_pkg/meshes
[0.662s] copying meshes/RHumerus.STL -> /home/yassa/NUBI3/install/view_robot_pkg/share/view_robot_pkg/meshes
[0.663s] copying meshes/LForearm.STL -> /home/yassa/NUBI3/install/view_robot_pkg/share/view_robot_pkg/meshes
[0.664s] running install_egg_info
[0.666s] Copying ../../build/view_robot_pkg/view_robot_pkg.egg-info to /home/yassa/NUBI3/install/view_robot_pkg/lib/python3.10/site-packages/view_robot_pkg-0.0.0-py3.10.egg-info
[0.666s] running install_scripts
[0.679s] writing list of installed files to '/home/yassa/NUBI3/build/view_robot_pkg/install.log'
[0.694s] Invoked command in '/home/yassa/NUBI3/src/view_robot_pkg' returned '0': PYTHONPATH=/home/yassa/NUBI3/build/view_robot_pkg/prefix_override:/usr/lib/python3/dist-packages/colcon_core/task/python/colcon_distutils_commands:/home/yassa/NUBI3/install/view_robot_pkg/lib/python3.10/site-packages:${PYTHONPATH} /usr/bin/python3 -W ignore:setup.py install is deprecated -W ignore:easy_install command is deprecated setup.py egg_info --egg-base ../../build/view_robot_pkg build --build-base /home/yassa/NUBI3/build/view_robot_pkg/build install --record /home/yassa/NUBI3/build/view_robot_pkg/install.log --single-version-externally-managed install_data
