-- Install configuration: ""
-- Up-to-date: /home/yassa/NUBI3/install/moveit_robot_arm_sim/share/ament_index/resource_index/package_run_dependencies/moveit_robot_arm_sim
-- Up-to-date: /home/yassa/NUBI3/install/moveit_robot_arm_sim/share/ament_index/resource_index/parent_prefix_path/moveit_robot_arm_sim
-- Up-to-date: /home/yassa/NUBI3/install/moveit_robot_arm_sim/share/moveit_robot_arm_sim/environment/ament_prefix_path.sh
-- Up-to-date: /home/yassa/NUBI3/install/moveit_robot_arm_sim/share/moveit_robot_arm_sim/environment/ament_prefix_path.dsv
-- Up-to-date: /home/yassa/NUBI3/install/moveit_robot_arm_sim/share/moveit_robot_arm_sim/environment/path.sh
-- Up-to-date: /home/yassa/NUBI3/install/moveit_robot_arm_sim/share/moveit_robot_arm_sim/environment/path.dsv
-- Up-to-date: /home/yassa/NUBI3/install/moveit_robot_arm_sim/share/moveit_robot_arm_sim/local_setup.bash
-- Up-to-date: /home/yassa/NUBI3/install/moveit_robot_arm_sim/share/moveit_robot_arm_sim/local_setup.sh
-- Up-to-date: /home/yassa/NUBI3/install/moveit_robot_arm_sim/share/moveit_robot_arm_sim/local_setup.zsh
-- Up-to-date: /home/yassa/NUBI3/install/moveit_robot_arm_sim/share/moveit_robot_arm_sim/local_setup.dsv
-- Installing: /home/yassa/NUBI3/install/moveit_robot_arm_sim/share/moveit_robot_arm_sim/package.dsv
-- Up-to-date: /home/yassa/NUBI3/install/moveit_robot_arm_sim/share/ament_index/resource_index/packages/moveit_robot_arm_sim
-- Up-to-date: /home/yassa/NUBI3/install/moveit_robot_arm_sim/share/moveit_robot_arm_sim/cmake/moveit_robot_arm_simConfig.cmake
-- Up-to-date: /home/yassa/NUBI3/install/moveit_robot_arm_sim/share/moveit_robot_arm_sim/cmake/moveit_robot_arm_simConfig-version.cmake
-- Up-to-date: /home/yassa/NUBI3/install/moveit_robot_arm_sim/share/moveit_robot_arm_sim/package.xml
[31mCMake Error at cmake_install.cmake:105 (file):
  file INSTALL cannot find
  "/home/yassa/NUBI3/src/moveit_robot_arm_sim/scripts/move_x_Y_Z.py": No such
  file or directory.

[0m
