[0.010s] Invoking command in '/home/yassa/NUBI3/build/moveit_robot_arm_sim': AMENT_PREFIX_PATH=/home/yassa/NUBI3/install/view_robot_pkg:${AMENT_PREFIX_PATH} CMAKE_PREFIX_PATH=${CMAKE_PREFIX_PATH}:/home/yassa/ws_moveit/install/moveit_configs_utils:/home/yassa/ws_moveit/install/launch_param_builder:/opt/ros/humble PYTHONPATH=/home/yassa/NUBI3/install/view_robot_pkg/lib/python3.10/site-packages:${PYTHONPATH} /usr/bin/cmake --build /home/yassa/NUBI3/build/moveit_robot_arm_sim -- -j8 -l8
[0.061s] Invoked command in '/home/yassa/NUBI3/build/moveit_robot_arm_sim' returned '0': AMENT_PREFIX_PATH=/home/yassa/NUBI3/install/view_robot_pkg:${AMENT_PREFIX_PATH} CMAKE_PREFIX_PATH=${CMAKE_PREFIX_PATH}:/home/yassa/ws_moveit/install/moveit_configs_utils:/home/yassa/ws_moveit/install/launch_param_builder:/opt/ros/humble PYTHONPATH=/home/yassa/NUBI3/install/view_robot_pkg/lib/python3.10/site-packages:${PYTHONPATH} /usr/bin/cmake --build /home/yassa/NUBI3/build/moveit_robot_arm_sim -- -j8 -l8
[0.070s] Invoking command in '/home/yassa/NUBI3/build/moveit_robot_arm_sim': AMENT_PREFIX_PATH=/home/yassa/NUBI3/install/view_robot_pkg:${AMENT_PREFIX_PATH} CMAKE_PREFIX_PATH=${CMAKE_PREFIX_PATH}:/home/yassa/ws_moveit/install/moveit_configs_utils:/home/yassa/ws_moveit/install/launch_param_builder:/opt/ros/humble PYTHONPATH=/home/yassa/NUBI3/install/view_robot_pkg/lib/python3.10/site-packages:${PYTHONPATH} /usr/bin/cmake --install /home/yassa/NUBI3/build/moveit_robot_arm_sim
[0.077s] -- Install configuration: ""
[0.078s] -- Up-to-date: /home/yassa/NUBI3/install/moveit_robot_arm_sim/share/ament_index/resource_index/package_run_dependencies/moveit_robot_arm_sim
[0.078s] -- Up-to-date: /home/yassa/NUBI3/install/moveit_robot_arm_sim/share/ament_index/resource_index/parent_prefix_path/moveit_robot_arm_sim
[0.078s] -- Up-to-date: /home/yassa/NUBI3/install/moveit_robot_arm_sim/share/moveit_robot_arm_sim/environment/ament_prefix_path.sh
[0.078s] -- Up-to-date: /home/yassa/NUBI3/install/moveit_robot_arm_sim/share/moveit_robot_arm_sim/environment/ament_prefix_path.dsv
[0.078s] -- Up-to-date: /home/yassa/NUBI3/install/moveit_robot_arm_sim/share/moveit_robot_arm_sim/environment/path.sh
[0.078s] -- Up-to-date: /home/yassa/NUBI3/install/moveit_robot_arm_sim/share/moveit_robot_arm_sim/environment/path.dsv
[0.078s] -- Up-to-date: /home/yassa/NUBI3/install/moveit_robot_arm_sim/share/moveit_robot_arm_sim/local_setup.bash
[0.078s] -- Up-to-date: /home/yassa/NUBI3/install/moveit_robot_arm_sim/share/moveit_robot_arm_sim/local_setup.sh
[0.078s] -- Up-to-date: /home/yassa/NUBI3/install/moveit_robot_arm_sim/share/moveit_robot_arm_sim/local_setup.zsh
[0.078s] -- Up-to-date: /home/yassa/NUBI3/install/moveit_robot_arm_sim/share/moveit_robot_arm_sim/local_setup.dsv
[0.078s] -- Installing: /home/yassa/NUBI3/install/moveit_robot_arm_sim/share/moveit_robot_arm_sim/package.dsv
[0.078s] -- Up-to-date: /home/yassa/NUBI3/install/moveit_robot_arm_sim/share/ament_index/resource_index/packages/moveit_robot_arm_sim
[0.078s] -- Up-to-date: /home/yassa/NUBI3/install/moveit_robot_arm_sim/share/moveit_robot_arm_sim/cmake/moveit_robot_arm_simConfig.cmake
[0.078s] -- Up-to-date: /home/yassa/NUBI3/install/moveit_robot_arm_sim/share/moveit_robot_arm_sim/cmake/moveit_robot_arm_simConfig-version.cmake
[0.079s] -- Up-to-date: /home/yassa/NUBI3/install/moveit_robot_arm_sim/share/moveit_robot_arm_sim/package.xml
[0.079s] [31mCMake Error at cmake_install.cmake:105 (file):
[0.079s]   file INSTALL cannot find
[0.079s]   "/home/yassa/NUBI3/src/moveit_robot_arm_sim/scripts/move_x_Y_Z.py": No such
[0.079s]   file or directory.
[0.079s] 
[0.079s] [0m
[0.080s] Invoked command in '/home/yassa/NUBI3/build/moveit_robot_arm_sim' returned '1': AMENT_PREFIX_PATH=/home/yassa/NUBI3/install/view_robot_pkg:${AMENT_PREFIX_PATH} CMAKE_PREFIX_PATH=${CMAKE_PREFIX_PATH}:/home/yassa/ws_moveit/install/moveit_configs_utils:/home/yassa/ws_moveit/install/launch_param_builder:/opt/ros/humble PYTHONPATH=/home/yassa/NUBI3/install/view_robot_pkg/lib/python3.10/site-packages:${PYTHONPATH} /usr/bin/cmake --install /home/yassa/NUBI3/build/moveit_robot_arm_sim
