running egg_info
creating ../../build/ros2_stm_pkg/ros2_stm_pkg.egg-info
writing ../../build/ros2_stm_pkg/ros2_stm_pkg.egg-info/PKG-INFO
writing dependency_links to ../../build/ros2_stm_pkg/ros2_stm_pkg.egg-info/dependency_links.txt
writing entry points to ../../build/ros2_stm_pkg/ros2_stm_pkg.egg-info/entry_points.txt
writing requirements to ../../build/ros2_stm_pkg/ros2_stm_pkg.egg-info/requires.txt
writing top-level names to ../../build/ros2_stm_pkg/ros2_stm_pkg.egg-info/top_level.txt
writing manifest file '../../build/ros2_stm_pkg/ros2_stm_pkg.egg-info/SOURCES.txt'
reading manifest file '../../build/ros2_stm_pkg/ros2_stm_pkg.egg-info/SOURCES.txt'
writing manifest file '../../build/ros2_stm_pkg/ros2_stm_pkg.egg-info/SOURCES.txt'
running build
running build_py
creating /home/mohab/Desktop/grad_proj/ros2_stm_ws/build/ros2_stm_pkg/build
creating /home/mohab/Desktop/grad_proj/ros2_stm_ws/build/ros2_stm_pkg/build/lib
creating /home/mohab/Desktop/grad_proj/ros2_stm_ws/build/ros2_stm_pkg/build/lib/ros2_stm_pkg
copying ros2_stm_pkg/publisher_stm.py -> /home/mohab/Desktop/grad_proj/ros2_stm_ws/build/ros2_stm_pkg/build/lib/ros2_stm_pkg
copying ros2_stm_pkg/__init__.py -> /home/mohab/Desktop/grad_proj/ros2_stm_ws/build/ros2_stm_pkg/build/lib/ros2_stm_pkg
copying ros2_stm_pkg/subscriber_stm.py -> /home/mohab/Desktop/grad_proj/ros2_stm_ws/build/ros2_stm_pkg/build/lib/ros2_stm_pkg
running install
running install_lib
creating /home/mohab/Desktop/grad_proj/ros2_stm_ws/install/ros2_stm_pkg/lib/python3.10/site-packages/ros2_stm_pkg
copying /home/mohab/Desktop/grad_proj/ros2_stm_ws/build/ros2_stm_pkg/build/lib/ros2_stm_pkg/publisher_stm.py -> /home/mohab/Desktop/grad_proj/ros2_stm_ws/install/ros2_stm_pkg/lib/python3.10/site-packages/ros2_stm_pkg
copying /home/mohab/Desktop/grad_proj/ros2_stm_ws/build/ros2_stm_pkg/build/lib/ros2_stm_pkg/__init__.py -> /home/mohab/Desktop/grad_proj/ros2_stm_ws/install/ros2_stm_pkg/lib/python3.10/site-packages/ros2_stm_pkg
copying /home/mohab/Desktop/grad_proj/ros2_stm_ws/build/ros2_stm_pkg/build/lib/ros2_stm_pkg/subscriber_stm.py -> /home/mohab/Desktop/grad_proj/ros2_stm_ws/install/ros2_stm_pkg/lib/python3.10/site-packages/ros2_stm_pkg
byte-compiling /home/mohab/Desktop/grad_proj/ros2_stm_ws/install/ros2_stm_pkg/lib/python3.10/site-packages/ros2_stm_pkg/publisher_stm.py to publisher_stm.cpython-310.pyc
byte-compiling /home/mohab/Desktop/grad_proj/ros2_stm_ws/install/ros2_stm_pkg/lib/python3.10/site-packages/ros2_stm_pkg/__init__.py to __init__.cpython-310.pyc
byte-compiling /home/mohab/Desktop/grad_proj/ros2_stm_ws/install/ros2_stm_pkg/lib/python3.10/site-packages/ros2_stm_pkg/subscriber_stm.py to subscriber_stm.cpython-310.pyc
running install_data
creating /home/mohab/Desktop/grad_proj/ros2_stm_ws/install/ros2_stm_pkg/share/ament_index
creating /home/mohab/Desktop/grad_proj/ros2_stm_ws/install/ros2_stm_pkg/share/ament_index/resource_index
creating /home/mohab/Desktop/grad_proj/ros2_stm_ws/install/ros2_stm_pkg/share/ament_index/resource_index/packages
copying resource/ros2_stm_pkg -> /home/mohab/Desktop/grad_proj/ros2_stm_ws/install/ros2_stm_pkg/share/ament_index/resource_index/packages
copying package.xml -> /home/mohab/Desktop/grad_proj/ros2_stm_ws/install/ros2_stm_pkg/share/ros2_stm_pkg
running install_egg_info
Copying ../../build/ros2_stm_pkg/ros2_stm_pkg.egg-info to /home/mohab/Desktop/grad_proj/ros2_stm_ws/install/ros2_stm_pkg/lib/python3.10/site-packages/ros2_stm_pkg-0.0.0-py3.10.egg-info
running install_scripts
Installing publisher_stm script to /home/mohab/Desktop/grad_proj/ros2_stm_ws/install/ros2_stm_pkg/lib/ros2_stm_pkg
Installing subscriber_stm script to /home/mohab/Desktop/grad_proj/ros2_stm_ws/install/ros2_stm_pkg/lib/ros2_stm_pkg
writing list of installed files to '/home/mohab/Desktop/grad_proj/ros2_stm_ws/build/ros2_stm_pkg/install.log'
