[0.507s] Invoking command in '/home/yassa/NUBI3/src/view_robot_pkg': PYTHONPATH=/home/yassa/NUBI3/build/view_robot_pkg/prefix_override:/usr/lib/python3/dist-packages/colcon_core/task/python/colcon_distutils_commands:/home/yassa/NUBI3/install/view_robot_pkg/lib/python3.10/site-packages:${PYTHONPATH} /usr/bin/python3 -W ignore:setup.py install is deprecated -W ignore:easy_install command is deprecated setup.py egg_info --egg-base ../../build/view_robot_pkg build --build-base /home/yassa/NUBI3/build/view_robot_pkg/build install --record /home/yassa/NUBI3/build/view_robot_pkg/install.log --single-version-externally-managed install_data
[0.684s] running egg_info
[0.685s] writing ../../build/view_robot_pkg/view_robot_pkg.egg-info/PKG-INFO
[0.685s] writing dependency_links to ../../build/view_robot_pkg/view_robot_pkg.egg-info/dependency_links.txt
[0.685s] writing entry points to ../../build/view_robot_pkg/view_robot_pkg.egg-info/entry_points.txt
[0.685s] writing requirements to ../../build/view_robot_pkg/view_robot_pkg.egg-info/requires.txt
[0.685s] writing top-level names to ../../build/view_robot_pkg/view_robot_pkg.egg-info/top_level.txt
[0.686s] reading manifest file '../../build/view_robot_pkg/view_robot_pkg.egg-info/SOURCES.txt'
[0.687s] writing manifest file '../../build/view_robot_pkg/view_robot_pkg.egg-info/SOURCES.txt'
[0.687s] running build
[0.687s] running build_py
[0.688s] running install
[0.688s] running install_lib
[0.689s] running install_data
[0.690s] copying urdf/robot_description.urdf -> /home/yassa/NUBI3/install/view_robot_pkg/share/view_robot_pkg/urdf
[0.690s] copying meshes/hL_sh1.STL -> /home/yassa/NUBI3/install/view_robot_pkg/share/view_robot_pkg/meshes
[0.690s] copying meshes/right_finger_1.STL -> /home/yassa/NUBI3/install/view_robot_pkg/share/view_robot_pkg/meshes
[0.691s] copying meshes/hL_sh2.STL -> /home/yassa/NUBI3/install/view_robot_pkg/share/view_robot_pkg/meshes
[0.692s] copying meshes/L_A_1.STL -> /home/yassa/NUBI3/install/view_robot_pkg/share/view_robot_pkg/meshes
[0.695s] copying meshes/left_finger_3.STL -> /home/yassa/NUBI3/install/view_robot_pkg/share/view_robot_pkg/meshes
[0.695s] copying meshes/L_W_1.STL -> /home/yassa/NUBI3/install/view_robot_pkg/share/view_robot_pkg/meshes
[0.695s] copying meshes/hr_sh1.STL -> /home/yassa/NUBI3/install/view_robot_pkg/share/view_robot_pkg/meshes
[0.696s] copying meshes/right_finger_3.STL -> /home/yassa/NUBI3/install/view_robot_pkg/share/view_robot_pkg/meshes
[0.696s] copying meshes/L_W_2.STL -> /home/yassa/NUBI3/install/view_robot_pkg/share/view_robot_pkg/meshes
[0.698s] copying meshes/Upper_body.STL -> /home/yassa/NUBI3/install/view_robot_pkg/share/view_robot_pkg/meshes
[0.702s] copying meshes/left_finger_2.STL -> /home/yassa/NUBI3/install/view_robot_pkg/share/view_robot_pkg/meshes
[0.703s] copying meshes/R_W_2.STL -> /home/yassa/NUBI3/install/view_robot_pkg/share/view_robot_pkg/meshes
[0.704s] copying meshes/hL_e.STL -> /home/yassa/NUBI3/install/view_robot_pkg/share/view_robot_pkg/meshes
[0.706s] copying meshes/R_A_1.STL -> /home/yassa/NUBI3/install/view_robot_pkg/share/view_robot_pkg/meshes
[0.708s] copying meshes/L_A_2.STL -> /home/yassa/NUBI3/install/view_robot_pkg/share/view_robot_pkg/meshes
[0.708s] copying meshes/R_W_3.STL -> /home/yassa/NUBI3/install/view_robot_pkg/share/view_robot_pkg/meshes
[0.709s] copying meshes/hr_e.STL -> /home/yassa/NUBI3/install/view_robot_pkg/share/view_robot_pkg/meshes
[0.710s] copying meshes/base_lin.STL -> /home/yassa/NUBI3/install/view_robot_pkg/share/view_robot_pkg/meshes
[0.712s] copying meshes/L_N_1.STL -> /home/yassa/NUBI3/install/view_robot_pkg/share/view_robot_pkg/meshes
[0.713s] copying meshes/L_W_3.STL -> /home/yassa/NUBI3/install/view_robot_pkg/share/view_robot_pkg/meshes
[0.714s] copying meshes/hr_sh2.STL -> /home/yassa/NUBI3/install/view_robot_pkg/share/view_robot_pkg/meshes
[0.716s] copying meshes/right_finger_2.STL -> /home/yassa/NUBI3/install/view_robot_pkg/share/view_robot_pkg/meshes
[0.716s] copying meshes/left_finger_1.STL -> /home/yassa/NUBI3/install/view_robot_pkg/share/view_robot_pkg/meshes
[0.716s] copying meshes/R_W_1.STL -> /home/yassa/NUBI3/install/view_robot_pkg/share/view_robot_pkg/meshes
[0.717s] copying meshes/R_A_2.STL -> /home/yassa/NUBI3/install/view_robot_pkg/share/view_robot_pkg/meshes
[0.717s] copying meshes/R_N_1.STL -> /home/yassa/NUBI3/install/view_robot_pkg/share/view_robot_pkg/meshes
[0.719s] running install_egg_info
[0.721s] removing '/home/yassa/NUBI3/install/view_robot_pkg/lib/python3.10/site-packages/view_robot_pkg-0.0.0-py3.10.egg-info' (and everything under it)
[0.721s] Copying ../../build/view_robot_pkg/view_robot_pkg.egg-info to /home/yassa/NUBI3/install/view_robot_pkg/lib/python3.10/site-packages/view_robot_pkg-0.0.0-py3.10.egg-info
[0.722s] running install_scripts
[0.741s] writing list of installed files to '/home/yassa/NUBI3/build/view_robot_pkg/install.log'
[0.758s] Invoked command in '/home/yassa/NUBI3/src/view_robot_pkg' returned '0': PYTHONPATH=/home/yassa/NUBI3/build/view_robot_pkg/prefix_override:/usr/lib/python3/dist-packages/colcon_core/task/python/colcon_distutils_commands:/home/yassa/NUBI3/install/view_robot_pkg/lib/python3.10/site-packages:${PYTHONPATH} /usr/bin/python3 -W ignore:setup.py install is deprecated -W ignore:easy_install command is deprecated setup.py egg_info --egg-base ../../build/view_robot_pkg build --build-base /home/yassa/NUBI3/build/view_robot_pkg/build install --record /home/yassa/NUBI3/build/view_robot_pkg/install.log --single-version-externally-managed install_data
